=== RUN   TestDashboardHandlerServesStaticAssetUnderCanonicalAndLegacyPrefixes
=== PAUSE TestDashboardHandlerServesStaticAssetUnderCanonicalAndLegacyPrefixes
=== RUN   TestDashboardHandlerFallsBackToIndexForCanonicalAndLegacySPARoutes
=== PAUSE TestDashboardHandlerFallsBackToIndexForCanonicalAndLegacySPARoutes
=== RUN   TestDashboardHandlerMissingAssetWithExtensionReturnsNotFound
=== PAUSE TestDashboardHandlerMissingAssetWithExtensionReturnsNotFound
=== RUN   TestServerDashboardRoutesDoNotInterceptAPIOrAuth
=== PAUSE TestServerDashboardRoutesDoNotInterceptAPIOrAuth
=== RUN   TestDashboardRoutesRequireAuthenticatedSessionWhenOAuthConfigured
=== PAUSE TestDashboardRoutesRequireAuthenticatedSessionWhenOAuthConfigured
=== RUN   TestControlServerCanonicalizesRootRequestsToPublicOrigin
=== PAUSE TestControlServerCanonicalizesRootRequestsToPublicOrigin
=== RUN   TestControlServerCanonicalizesDashboardRequestsToPublicOrigin
=== PAUSE TestControlServerCanonicalizesDashboardRequestsToPublicOrigin
=== RUN   TestDashboardEndpointInteraction
=== PAUSE TestDashboardEndpointInteraction
=== RUN   TestDashboardEndpointInteractionWithoutConfiguredAuth
=== PAUSE TestDashboardEndpointInteractionWithoutConfiguredAuth
=== RUN   TestDashboardBrandAssetAccessibleWithoutSession
=== PAUSE TestDashboardBrandAssetAccessibleWithoutSession
=== RUN   TestServerDiscordSessionForGuildUsesGuildRegistrationResolver
=== PAUSE TestServerDiscordSessionForGuildUsesGuildRegistrationResolver
=== RUN   TestFeatureRegistryMatchesCatalog
=== PAUSE TestFeatureRegistryMatchesCatalog
=== RUN   TestFeatureAPIContractShapesRemainStable
=== PAUSE TestFeatureAPIContractShapesRemainStable
=== RUN   TestFeatureCatalogAndWorkspaceRoutes
=== PAUSE TestFeatureCatalogAndWorkspaceRoutes
=== RUN   TestFeaturePatchInheritanceAndClears
=== PAUSE TestFeaturePatchInheritanceAndClears
=== RUN   TestGuildFeaturePatchPersistsConfigDetails
=== PAUSE TestGuildFeaturePatchPersistsConfigDetails
=== RUN   TestFeaturePatchRejectsMissingAuthBadPayloadAndUnregisteredGuild
=== PAUSE TestFeaturePatchRejectsMissingAuthBadPayloadAndUnregisteredGuild
=== RUN   TestLoggingFeatureReadinessStates
=== PAUSE TestLoggingFeatureReadinessStates
=== RUN   TestModerationCommandFeatureReadinessStates
=== PAUSE TestModerationCommandFeatureReadinessStates
=== RUN   TestGuildRoleOptionsRouteAndRoleBackedFeatureReadiness
=== PAUSE TestGuildRoleOptionsRouteAndRoleBackedFeatureReadiness
=== RUN   TestCacheHealthRouteReturns503WhenResolverNotWired
=== PAUSE TestCacheHealthRouteReturns503WhenResolverNotWired
=== RUN   TestCacheHealthRouteReturns503WhenResolverYieldsNil
=== PAUSE TestCacheHealthRouteReturns503WhenResolverYieldsNil
=== RUN   TestCacheHealthRouteSurfacesSnapshot
=== PAUSE TestCacheHealthRouteSurfacesSnapshot
=== RUN   TestCacheHealthRouteRejectsUnauthenticatedRequests
=== PAUSE TestCacheHealthRouteRejectsUnauthenticatedRequests
=== RUN   TestCacheHealthRouteRejectsNonGETMethods
=== PAUSE TestCacheHealthRouteRejectsNonGETMethods
=== RUN   TestLiveHealthRouteReturnsOKWithSnapshot
=== PAUSE TestLiveHealthRouteReturnsOKWithSnapshot
=== RUN   TestLiveHealthRouteRejectsUnauthenticatedRequests
=== PAUSE TestLiveHealthRouteRejectsUnauthenticatedRequests
=== RUN   TestLiveHealthRouteRejectsNonGETMethods
=== PAUSE TestLiveHealthRouteRejectsNonGETMethods
=== RUN   TestModerationHealthRouteReturns503WhenMetricsNotWired
=== PAUSE TestModerationHealthRouteReturns503WhenMetricsNotWired
=== RUN   TestModerationHealthRouteReturns503WhenMetricsAreNopOnly
=== PAUSE TestModerationHealthRouteReturns503WhenMetricsAreNopOnly
=== RUN   TestModerationHealthRouteSurfacesRecordedMetrics
=== PAUSE TestModerationHealthRouteSurfacesRecordedMetrics
=== RUN   TestModerationHealthRouteRejectsUnauthenticatedRequests
=== PAUSE TestModerationHealthRouteRejectsUnauthenticatedRequests
=== RUN   TestModerationHealthRouteRejectsNonGETMethods
=== PAUSE TestModerationHealthRouteRejectsNonGETMethods
=== RUN   TestMonitoringHealthRouteReturns503WhenResolverNotWired
=== PAUSE TestMonitoringHealthRouteReturns503WhenResolverNotWired
=== RUN   TestMonitoringHealthRouteReturns503WhenResolverYieldsNil
=== PAUSE TestMonitoringHealthRouteReturns503WhenResolverYieldsNil
=== RUN   TestMonitoringHealthRouteReturns503WhenMetricsAreNopOnly
=== PAUSE TestMonitoringHealthRouteReturns503WhenMetricsAreNopOnly
=== RUN   TestMonitoringHealthRouteSurfacesRecordedMetrics
=== PAUSE TestMonitoringHealthRouteSurfacesRecordedMetrics
=== RUN   TestMonitoringHealthRouteRejectsUnauthenticatedRequests
=== PAUSE TestMonitoringHealthRouteRejectsUnauthenticatedRequests
=== RUN   TestMonitoringHealthRouteRejectsNonGETMethods
=== PAUSE TestMonitoringHealthRouteRejectsNonGETMethods
=== RUN   TestQOTDHealthRouteReturns503WhenServiceNotWired
=== PAUSE TestQOTDHealthRouteReturns503WhenServiceNotWired
=== RUN   TestQOTDHealthRouteReturns503WhenMetricsAreNopOnly
=== PAUSE TestQOTDHealthRouteReturns503WhenMetricsAreNopOnly
=== RUN   TestQOTDHealthRouteSurfacesRecordedMetrics
=== PAUSE TestQOTDHealthRouteSurfacesRecordedMetrics
=== RUN   TestQOTDHealthRouteRejectsUnauthenticatedRequests
=== PAUSE TestQOTDHealthRouteRejectsUnauthenticatedRequests
=== RUN   TestQOTDHealthRouteRejectsNonGETMethods
=== PAUSE TestQOTDHealthRouteRejectsNonGETMethods
=== RUN   TestQOTDActionRoutesResolveDiscordSessionForQOTDDomain
=== PAUSE TestQOTDActionRoutesResolveDiscordSessionForQOTDDomain
=== RUN   TestDiscordOAuthRoutesRequireConfig
=== PAUSE TestDiscordOAuthRoutesRequireConfig
=== RUN   TestDiscordOAuthStatusReportsUnavailableWithoutConfig
=== PAUSE TestDiscordOAuthStatusReportsUnavailableWithoutConfig
=== RUN   TestDiscordOAuthGuildPermissionsUnmarshalAcceptsStringOrNumber
=== PAUSE TestDiscordOAuthGuildPermissionsUnmarshalAcceptsStringOrNumber
=== RUN   TestDiscordOAuthStatusReportsConfiguredSessionState
=== PAUSE TestDiscordOAuthStatusReportsConfiguredSessionState
=== RUN   TestDiscordOAuthStatusPrefersServerPublicOrigin
=== PAUSE TestDiscordOAuthStatusPrefersServerPublicOrigin
=== RUN   TestDiscordOAuthLoginRedirect
=== PAUSE TestDiscordOAuthLoginRedirect
=== RUN   TestDiscordOAuthLoginRedirectIncludesGuildMembersScope
=== PAUSE TestDiscordOAuthLoginRedirectIncludesGuildMembersScope
=== RUN   TestDiscordOAuthCallbackRedirectsToManageWhenRequested
=== PAUSE TestDiscordOAuthCallbackRedirectsToManageWhenRequested
=== RUN   TestDiscordOAuthCallbackRedirectsToRootWhenRequested
=== PAUSE TestDiscordOAuthCallbackRedirectsToRootWhenRequested
=== RUN   TestDiscordOAuthCallbackCreatesSessionAndHidesTokenPayload
=== PAUSE TestDiscordOAuthCallbackCreatesSessionAndHidesTokenPayload
=== RUN   TestGuildRoutesRequireCSRFForOAuthSessionMutations
=== PAUSE TestGuildRoutesRequireCSRFForOAuthSessionMutations
=== RUN   TestGlobalRoutesDenyOAuthSessionMutations
=== PAUSE TestGlobalRoutesDenyOAuthSessionMutations
=== RUN   TestGuildRoutesDenyOAuthSessionWithoutGuildAuthorization
=== PAUSE TestGuildRoutesDenyOAuthSessionWithoutGuildAuthorization
=== RUN   TestGuildRoutesAllowReadOnlyOAuthAccessForGetAndDenyWrites
=== PAUSE TestGuildRoutesAllowReadOnlyOAuthAccessForGetAndDenyWrites
=== RUN   TestGuildAccessRoleUpdatesInvalidateAccessibleGuildCache
=== PAUSE TestGuildAccessRoleUpdatesInvalidateAccessibleGuildCache
=== RUN   TestGuildWriteAuthorizationUsesAccessibleGuildCache
=== PAUSE TestGuildWriteAuthorizationUsesAccessibleGuildCache
=== RUN   TestDiscordOAuthGuildAccessFreshQueryRefreshesCachedGuilds
=== PAUSE TestDiscordOAuthGuildAccessFreshQueryRefreshesCachedGuilds
=== RUN   TestDiscordOAuthGuildAccessEndpointSkipsErrorResponseOnRequestCancellation
=== PAUSE TestDiscordOAuthGuildAccessEndpointSkipsErrorResponseOnRequestCancellation
=== RUN   TestDiscordOAuthGuildAccessEndpoints
=== PAUSE TestDiscordOAuthGuildAccessEndpoints
=== RUN   TestDiscordOAuthManageableGuildsEndpointDoesNotRequireBotGuildProvider
=== PAUSE TestDiscordOAuthManageableGuildsEndpointDoesNotRequireBotGuildProvider
=== RUN   TestDiscordOAuthSessionPersistsAcrossServerRestart
=== PAUSE TestDiscordOAuthSessionPersistsAcrossServerRestart
=== RUN   TestDiscordOAuthManageableGuildsRefreshesAccessTokenWithRotation
=== PAUSE TestDiscordOAuthManageableGuildsRefreshesAccessTokenWithRotation
=== RUN   TestDiscordOAuthCallbackRejectsInvalidState
=== PAUSE TestDiscordOAuthCallbackRejectsInvalidState
=== RUN   TestSetDiscordOAuthConfigValidatesRequiredFields
=== PAUSE TestSetDiscordOAuthConfigValidatesRequiredFields
=== RUN   TestResolveManageableGuildsCachesDiscordLookup
=== PAUSE TestResolveManageableGuildsCachesDiscordLookup
=== RUN   TestResolveManageableGuildsCacheExpires
=== PAUSE TestResolveManageableGuildsCacheExpires
=== RUN   TestResolveAccessibleGuildsRecomputesDiscordRoleAccessOnCacheHit
=== PAUSE TestResolveAccessibleGuildsRecomputesDiscordRoleAccessOnCacheHit
=== RUN   TestSetTLSCertificatesValidation
=== PAUSE TestSetTLSCertificatesValidation
=== RUN   TestControlServerStartWithTLS
2026/06/07 01:58:24 INFO Guild config index rebuilt reason=add guilds=1
2026/06/07 01:58:24 INFO Control server listening addr=127.0.0.1:51407 tls=true
2026/06/07 01:58:24 INFO Control dashboard available url=https://127.0.0.1:51407
2026/06/07 01:58:24 ERROR Failed to encode control response status=200 err="write tcp 127.0.0.1:51407->127.0.0.1:51408: wsasend: An existing connection was forcibly closed by the remote host."
2026/06/07 01:58:24 INFO Control server stopped addr=127.0.0.1:0
--- PASS: TestControlServerStartWithTLS (0.10s)
=== RUN   TestControlServerListenAddrAndDashboardURL
=== PAUSE TestControlServerListenAddrAndDashboardURL
=== RUN   TestControlServerListenAddrAndDashboardURLUsesPublicOrigin
=== PAUSE TestControlServerListenAddrAndDashboardURLUsesPublicOrigin
=== RUN   TestSettingsOverviewReturnsCatalogGlobalWorkspaceAndGuildSummaries
=== PAUSE TestSettingsOverviewReturnsCatalogGlobalWorkspaceAndGuildSummaries
=== RUN   TestSettingsOverviewRejectsWhenGuildDiscoveryUnavailable
=== PAUSE TestSettingsOverviewRejectsWhenGuildDiscoveryUnavailable
=== RUN   TestGlobalSettingsPutPersistsGroupedRuntimeAndFeatures
=== PAUSE TestGlobalSettingsPutPersistsGroupedRuntimeAndFeatures
=== RUN   TestGlobalSettingsPutRejectsDuplicateWebhookEmbedUpdates
=== PAUSE TestGlobalSettingsPutRejectsDuplicateWebhookEmbedUpdates
=== RUN   TestGuildSettingsPutGetListAndDelete
=== PAUSE TestGuildSettingsPutGetListAndDelete
=== RUN   TestGuildSettingsGetOmitsLegacyModerationWorkspaceSection
=== PAUSE TestGuildSettingsGetOmitsLegacyModerationWorkspaceSection
=== RUN   TestGuildSettingsPutAutoRegistersMissingGuild
=== PAUSE TestGuildSettingsPutAutoRegistersMissingGuild
=== RUN   TestGuildSettingsPutSavesBotInstanceTokenForUndiscoveredGuild
=== PAUSE TestGuildSettingsPutSavesBotInstanceTokenForUndiscoveredGuild
=== RUN   TestGuildRegistrationPostCreatesGuildWorkspace
=== PAUSE TestGuildRegistrationPostCreatesGuildWorkspace
=== RUN   TestGuildRegistrationPostCreatesDormantGuildWorkspace
=== PAUSE TestGuildRegistrationPostCreatesDormantGuildWorkspace
=== RUN   TestGuildRegistrationPostReturnsExistingWorkspaceWhenAlreadyConfigured
=== PAUSE TestGuildRegistrationPostReturnsExistingWorkspaceWhenAlreadyConfigured
=== RUN   TestGuildRegistrationPostRejectsWhenBootstrapUnavailable
=== PAUSE TestGuildRegistrationPostRejectsWhenBootstrapUnavailable
=== RUN   TestGuildRegistrationPostRejectsUndiscoveredGuild
=== PAUSE TestGuildRegistrationPostRejectsUndiscoveredGuild
=== RUN   TestGuildRegistryWorkspaceIncludesAvailableGuilds
=== PAUSE TestGuildRegistryWorkspaceIncludesAvailableGuilds
=== RUN   TestGuildSettingsPutRejectsInvalidAutoAssignmentOrdering
=== PAUSE TestGuildSettingsPutRejectsInvalidAutoAssignmentOrdering
=== RUN   TestStatusForSettingsMutationErrorTreatsWrappedValidationAsBadRequest
=== PAUSE TestStatusForSettingsMutationErrorTreatsWrappedValidationAsBadRequest
=== RUN   TestSettingsRoutesRequireAuthorization
=== PAUSE TestSettingsRoutesRequireAuthorization
=== RUN   TestHasFeatureOverridesDetectsEachToggle
=== PAUSE TestHasFeatureOverridesDetectsEachToggle
=== CONT  TestDashboardHandlerServesStaticAssetUnderCanonicalAndLegacyPrefixes
=== CONT  TestDiscordOAuthGuildPermissionsUnmarshalAcceptsStringOrNumber
=== RUN   TestDiscordOAuthGuildPermissionsUnmarshalAcceptsStringOrNumber/string
=== PAUSE TestDiscordOAuthGuildPermissionsUnmarshalAcceptsStringOrNumber/string
=== RUN   TestDiscordOAuthGuildPermissionsUnmarshalAcceptsStringOrNumber/number
=== PAUSE TestDiscordOAuthGuildPermissionsUnmarshalAcceptsStringOrNumber/number
=== CONT  TestDiscordOAuthGuildPermissionsUnmarshalAcceptsStringOrNumber/string
=== CONT  TestGuildSettingsPutSavesBotInstanceTokenForUndiscoveredGuild
=== CONT  TestGuildSettingsGetOmitsLegacyModerationWorkspaceSection
=== CONT  TestGuildRoutesDenyOAuthSessionWithoutGuildAuthorization
=== CONT  TestGuildRoutesAllowReadOnlyOAuthAccessForGetAndDenyWrites
2026/06/07 01:58:24 INFO Guild config index rebuilt reason=add guilds=1
2026/06/07 01:58:24 INFO Guild config index rebuilt reason=add guilds=1
2026/06/07 01:58:24 INFO Guild config index rebuilt reason=add guilds=2
=== CONT  TestDiscordOAuthManageableGuildsEndpointDoesNotRequireBotGuildProvider
=== CONT  TestResolveManageableGuildsCacheExpires
2026/06/07 01:58:24 INFO Guild config index rebuilt reason=add guilds=1
2026/06/07 01:58:24 INFO Guild config index rebuilt reason=add guilds=1
2026/06/07 01:58:24 INFO Guild config index rebuilt reason=add guilds=1
2026/06/07 01:58:24 INFO Guild config index rebuilt reason=update guilds=2
2026/06/07 01:58:24 INFO Successfully saved config to path: memory://bot_config_state
2026/06/07 01:58:24 INFO Guild config index rebuilt reason=update guilds=1
2026/06/07 01:58:24 INFO Successfully saved config to path: memory://bot_config_state
--- PASS: TestGuildSettingsPutSavesBotInstanceTokenForUndiscoveredGuild (0.00s)
=== CONT  TestDiscordOAuthCallbackRejectsInvalidState
--- PASS: TestGuildSettingsGetOmitsLegacyModerationWorkspaceSection (0.00s)
=== CONT  TestResolveManageableGuildsCachesDiscordLookup
2026/06/07 01:58:24 INFO Guild config index rebuilt reason=add guilds=1
=== CONT  TestGuildSettingsPutAutoRegistersMissingGuild
2026/06/07 01:58:24 INFO Guild config index rebuilt reason=add guilds=1
2026/06/07 01:58:24 INFO Guild config index rebuilt reason=add guilds=1
2026/06/07 01:58:24 INFO Guild config index rebuilt reason=update guilds=2
2026/06/07 01:58:24 INFO Successfully saved config to path: memory://bot_config_state
2026/06/07 01:58:24 INFO Guild config index rebuilt reason=add guilds=1
2026/06/07 01:58:24 INFO Guild config index rebuilt reason=update guilds=2
2026/06/07 01:58:24 INFO Successfully saved config to path: memory://bot_config_state
--- PASS: TestGuildSettingsPutAutoRegistersMissingGuild (0.00s)
=== CONT  TestSetDiscordOAuthConfigValidatesRequiredFields
2026/06/07 01:58:24 INFO Guild config index rebuilt reason=add guilds=1
--- PASS: TestSetDiscordOAuthConfigValidatesRequiredFields (0.00s)
=== CONT  TestGuildRegistryWorkspaceIncludesAvailableGuilds
2026/06/07 01:58:24 INFO Guild config index rebuilt reason=add guilds=1
--- PASS: TestGuildRegistryWorkspaceIncludesAvailableGuilds (0.00s)
=== CONT  TestHasFeatureOverridesDetectsEachToggle
--- PASS: TestHasFeatureOverridesDetectsEachToggle (0.00s)
=== CONT  TestSettingsRoutesRequireAuthorization
2026/06/07 01:58:24 INFO Guild config index rebuilt reason=add guilds=1
--- PASS: TestSettingsRoutesRequireAuthorization (0.00s)
=== CONT  TestStatusForSettingsMutationErrorTreatsWrappedValidationAsBadRequest
--- PASS: TestStatusForSettingsMutationErrorTreatsWrappedValidationAsBadRequest (0.00s)
=== CONT  TestGuildSettingsPutRejectsInvalidAutoAssignmentOrdering
2026/06/07 01:58:24 INFO Guild config index rebuilt reason=add guilds=1
2026/06/07 01:58:24 INFO Guild config index rebuilt reason=update guilds=1
--- PASS: TestGuildSettingsPutRejectsInvalidAutoAssignmentOrdering (0.00s)
=== CONT  TestSettingsOverviewReturnsCatalogGlobalWorkspaceAndGuildSummaries
2026/06/07 01:58:24 INFO Guild config index rebuilt reason=add guilds=1
2026/06/07 01:58:24 INFO Guild config index rebuilt reason=update guilds=1
2026/06/07 01:58:24 INFO Successfully saved config to path: memory://bot_config_state
2026/06/07 01:58:24 WARN Discord OAuth state validation failed operation=control.oauth.callback.state_validation err="oauth state mismatch"
--- PASS: TestSettingsOverviewReturnsCatalogGlobalWorkspaceAndGuildSummaries (0.00s)
=== CONT  TestGuildSettingsPutGetListAndDelete
2026/06/07 01:58:24 INFO Guild config index rebuilt reason=add guilds=1
2026/06/07 01:58:24 INFO Guild config index rebuilt reason=add guilds=2
2026/06/07 01:58:24 INFO Guild config index rebuilt reason=update guilds=2
2026/06/07 01:58:24 INFO Successfully saved config to path: memory://bot_config_state
2026/06/07 01:58:24 INFO Guild config index rebuilt reason=update guilds=1
2026/06/07 01:58:24 INFO Successfully saved config to path: memory://bot_config_state
--- PASS: TestGuildSettingsPutGetListAndDelete (0.00s)
=== CONT  TestGlobalSettingsPutRejectsDuplicateWebhookEmbedUpdates
2026/06/07 01:58:24 INFO Guild config index rebuilt reason=add guilds=1
--- PASS: TestGlobalSettingsPutRejectsDuplicateWebhookEmbedUpdates (0.00s)
=== CONT  TestGlobalSettingsPutPersistsGroupedRuntimeAndFeatures
2026/06/07 01:58:24 INFO Guild config index rebuilt reason=add guilds=1
2026/06/07 01:58:24 INFO Guild config index rebuilt reason=update guilds=1
2026/06/07 01:58:24 INFO Successfully saved config to path: memory://bot_config_state
--- PASS: TestGlobalSettingsPutPersistsGroupedRuntimeAndFeatures (0.00s)
=== CONT  TestSettingsOverviewRejectsWhenGuildDiscoveryUnavailable
2026/06/07 01:58:24 INFO Guild config index rebuilt reason=add guilds=1
--- PASS: TestSettingsOverviewRejectsWhenGuildDiscoveryUnavailable (0.00s)
=== CONT  TestDiscordOAuthManageableGuildsRefreshesAccessTokenWithRotation
2026/06/07 01:58:24 INFO Guild config index rebuilt reason=add guilds=1
--- PASS: TestDiscordOAuthCallbackRejectsInvalidState (0.01s)
=== CONT  TestDiscordOAuthCallbackRedirectsToManageWhenRequested
2026/06/07 01:58:24 INFO Guild config index rebuilt reason=add guilds=1
2026/06/07 01:58:24 WARN Guild route access denied operation=control.route_access.authorize_guild userID=u1 guildID=g1 reason="guild not accessible by authenticated user" requiredAccess=read
2026/06/07 01:58:24 WARN Guild route access denied operation=control.route_access.authorize_guild userID=u1 guildID=g1 reason="insufficient dashboard access level" requiredAccess=write actualAccess=read
--- PASS: TestDiscordOAuthManageableGuildsEndpointDoesNotRequireBotGuildProvider (0.04s)
=== CONT  TestGlobalRoutesDenyOAuthSessionMutations
2026/06/07 01:58:24 INFO Guild config index rebuilt reason=add guilds=1
--- PASS: TestGuildRoutesDenyOAuthSessionWithoutGuildAuthorization (0.04s)
=== CONT  TestGuildRoutesRequireCSRFForOAuthSessionMutations
2026/06/07 01:58:24 INFO Guild config index rebuilt reason=add guilds=1
--- PASS: TestGuildRoutesAllowReadOnlyOAuthAccessForGetAndDenyWrites (0.04s)
=== CONT  TestDiscordOAuthCallbackCreatesSessionAndHidesTokenPayload
2026/06/07 01:58:24 INFO Guild config index rebuilt reason=add guilds=1
--- PASS: TestDiscordOAuthCallbackRedirectsToManageWhenRequested (0.03s)
=== CONT  TestDiscordOAuthCallbackRedirectsToRootWhenRequested
2026/06/07 01:58:24 INFO Guild config index rebuilt reason=add guilds=1
--- PASS: TestResolveManageableGuildsCachesDiscordLookup (0.04s)
=== CONT  TestCacheHealthRouteRejectsNonGETMethods
=== RUN   TestCacheHealthRouteRejectsNonGETMethods/POST
=== PAUSE TestCacheHealthRouteRejectsNonGETMethods/POST
=== RUN   TestCacheHealthRouteRejectsNonGETMethods/PUT
=== PAUSE TestCacheHealthRouteRejectsNonGETMethods/PUT
=== RUN   TestCacheHealthRouteRejectsNonGETMethods/PATCH
=== PAUSE TestCacheHealthRouteRejectsNonGETMethods/PATCH
=== RUN   TestCacheHealthRouteRejectsNonGETMethods/DELETE
=== PAUSE TestCacheHealthRouteRejectsNonGETMethods/DELETE
=== CONT  TestDiscordOAuthStatusReportsUnavailableWithoutConfig
2026/06/07 01:58:24 INFO Guild config index rebuilt reason=add guilds=1
--- PASS: TestDiscordOAuthStatusReportsUnavailableWithoutConfig (0.00s)
=== CONT  TestDiscordOAuthRoutesRequireConfig
2026/06/07 01:58:24 INFO Guild config index rebuilt reason=add guilds=1
--- PASS: TestDiscordOAuthRoutesRequireConfig (0.00s)
=== CONT  TestQOTDActionRoutesResolveDiscordSessionForQOTDDomain
=== RUN   TestQOTDActionRoutesResolveDiscordSessionForQOTDDomain/publish_now
=== PAUSE TestQOTDActionRoutesResolveDiscordSessionForQOTDDomain/publish_now
=== RUN   TestQOTDActionRoutesResolveDiscordSessionForQOTDDomain/reconcile
=== PAUSE TestQOTDActionRoutesResolveDiscordSessionForQOTDDomain/reconcile
=== CONT  TestQOTDHealthRouteRejectsNonGETMethods
=== RUN   TestQOTDHealthRouteRejectsNonGETMethods/POST
=== PAUSE TestQOTDHealthRouteRejectsNonGETMethods/POST
=== RUN   TestQOTDHealthRouteRejectsNonGETMethods/PUT
=== PAUSE TestQOTDHealthRouteRejectsNonGETMethods/PUT
=== RUN   TestQOTDHealthRouteRejectsNonGETMethods/PATCH
=== PAUSE TestQOTDHealthRouteRejectsNonGETMethods/PATCH
=== RUN   TestQOTDHealthRouteRejectsNonGETMethods/DELETE
=== PAUSE TestQOTDHealthRouteRejectsNonGETMethods/DELETE
=== CONT  TestQOTDHealthRouteRejectsUnauthenticatedRequests
--- PASS: TestQOTDHealthRouteRejectsUnauthenticatedRequests (0.00s)
=== CONT  TestQOTDHealthRouteSurfacesRecordedMetrics
--- PASS: TestQOTDHealthRouteSurfacesRecordedMetrics (0.00s)
=== CONT  TestQOTDHealthRouteReturns503WhenMetricsAreNopOnly
--- PASS: TestQOTDHealthRouteReturns503WhenMetricsAreNopOnly (0.00s)
=== CONT  TestQOTDHealthRouteReturns503WhenServiceNotWired
--- PASS: TestQOTDHealthRouteReturns503WhenServiceNotWired (0.00s)
=== CONT  TestMonitoringHealthRouteRejectsNonGETMethods
=== RUN   TestMonitoringHealthRouteRejectsNonGETMethods/POST
=== PAUSE TestMonitoringHealthRouteRejectsNonGETMethods/POST
=== RUN   TestMonitoringHealthRouteRejectsNonGETMethods/PUT
=== PAUSE TestMonitoringHealthRouteRejectsNonGETMethods/PUT
=== RUN   TestMonitoringHealthRouteRejectsNonGETMethods/PATCH
=== PAUSE TestMonitoringHealthRouteRejectsNonGETMethods/PATCH
=== RUN   TestMonitoringHealthRouteRejectsNonGETMethods/DELETE
=== PAUSE TestMonitoringHealthRouteRejectsNonGETMethods/DELETE
=== CONT  TestMonitoringHealthRouteRejectsUnauthenticatedRequests
--- PASS: TestMonitoringHealthRouteRejectsUnauthenticatedRequests (0.00s)
=== CONT  TestMonitoringHealthRouteSurfacesRecordedMetrics
--- PASS: TestMonitoringHealthRouteSurfacesRecordedMetrics (0.00s)
=== CONT  TestMonitoringHealthRouteReturns503WhenMetricsAreNopOnly
--- PASS: TestMonitoringHealthRouteReturns503WhenMetricsAreNopOnly (0.00s)
=== CONT  TestMonitoringHealthRouteReturns503WhenResolverYieldsNil
--- PASS: TestMonitoringHealthRouteReturns503WhenResolverYieldsNil (0.00s)
=== CONT  TestMonitoringHealthRouteReturns503WhenResolverNotWired
--- PASS: TestMonitoringHealthRouteReturns503WhenResolverNotWired (0.00s)
=== CONT  TestModerationHealthRouteRejectsNonGETMethods
=== RUN   TestModerationHealthRouteRejectsNonGETMethods/POST
=== PAUSE TestModerationHealthRouteRejectsNonGETMethods/POST
=== RUN   TestModerationHealthRouteRejectsNonGETMethods/PUT
=== PAUSE TestModerationHealthRouteRejectsNonGETMethods/PUT
=== RUN   TestModerationHealthRouteRejectsNonGETMethods/PATCH
=== PAUSE TestModerationHealthRouteRejectsNonGETMethods/PATCH
=== RUN   TestModerationHealthRouteRejectsNonGETMethods/DELETE
=== PAUSE TestModerationHealthRouteRejectsNonGETMethods/DELETE
=== CONT  TestModerationHealthRouteRejectsUnauthenticatedRequests
--- PASS: TestModerationHealthRouteRejectsUnauthenticatedRequests (0.00s)
=== CONT  TestModerationHealthRouteSurfacesRecordedMetrics
--- PASS: TestModerationHealthRouteSurfacesRecordedMetrics (0.00s)
=== CONT  TestModerationHealthRouteReturns503WhenMetricsAreNopOnly
--- PASS: TestModerationHealthRouteReturns503WhenMetricsAreNopOnly (0.00s)
=== CONT  TestModerationHealthRouteReturns503WhenMetricsNotWired
--- PASS: TestModerationHealthRouteReturns503WhenMetricsNotWired (0.00s)
=== CONT  TestLiveHealthRouteRejectsNonGETMethods
=== RUN   TestLiveHealthRouteRejectsNonGETMethods/POST
=== PAUSE TestLiveHealthRouteRejectsNonGETMethods/POST
=== RUN   TestLiveHealthRouteRejectsNonGETMethods/PUT
=== PAUSE TestLiveHealthRouteRejectsNonGETMethods/PUT
=== RUN   TestLiveHealthRouteRejectsNonGETMethods/PATCH
=== PAUSE TestLiveHealthRouteRejectsNonGETMethods/PATCH
=== RUN   TestLiveHealthRouteRejectsNonGETMethods/DELETE
=== PAUSE TestLiveHealthRouteRejectsNonGETMethods/DELETE
=== CONT  TestLiveHealthRouteRejectsUnauthenticatedRequests
--- PASS: TestLiveHealthRouteRejectsUnauthenticatedRequests (0.00s)
=== CONT  TestLiveHealthRouteReturnsOKWithSnapshot
--- PASS: TestLiveHealthRouteReturnsOKWithSnapshot (0.00s)
=== CONT  TestGuildRegistrationPostReturnsExistingWorkspaceWhenAlreadyConfigured
2026/06/07 01:58:24 INFO Guild config index rebuilt reason=add guilds=1
2026/06/07 01:58:24 INFO Guild settings registration completed operation=control.settings.guild_registry.register.skip guildID=g1
--- PASS: TestGuildRegistrationPostReturnsExistingWorkspaceWhenAlreadyConfigured (0.00s)
=== CONT  TestGuildRegistrationPostRejectsUndiscoveredGuild
2026/06/07 01:58:24 INFO Guild config index rebuilt reason=add guilds=1
--- PASS: TestGuildRegistrationPostRejectsUndiscoveredGuild (0.00s)
=== CONT  TestGuildRegistrationPostRejectsWhenBootstrapUnavailable
2026/06/07 01:58:24 INFO Guild config index rebuilt reason=add guilds=1
2026/06/07 01:58:24 ERROR Guild settings registration failed operation=control.settings.guild_registry.register.unavailable guildID=g2 err="guild registration unavailable: bootstrap is not configured for guild_id=g2"
--- PASS: TestGuildRegistrationPostRejectsWhenBootstrapUnavailable (0.00s)
=== CONT  TestDiscordOAuthGuildAccessFreshQueryRefreshesCachedGuilds
2026/06/07 01:58:24 INFO Guild config index rebuilt reason=add guilds=1
--- PASS: TestResolveManageableGuildsCacheExpires (0.06s)
=== CONT  TestDiscordOAuthGuildAccessEndpoints
2026/06/07 01:58:24 INFO Guild config index rebuilt reason=add guilds=1
2026/06/07 01:58:24 INFO Guild config index rebuilt reason=update guilds=2
2026/06/07 01:58:24 INFO Successfully saved config to path: memory://bot_config_state
--- PASS: TestDashboardHandlerServesStaticAssetUnderCanonicalAndLegacyPrefixes (0.06s)
=== CONT  TestDiscordOAuthGuildAccessEndpointSkipsErrorResponseOnRequestCancellation
2026/06/07 01:58:24 INFO Guild config index rebuilt reason=add guilds=1
=== RUN   TestGlobalRoutesDenyOAuthSessionMutations/runtime_config_without_csrf
=== RUN   TestGlobalRoutesDenyOAuthSessionMutations/runtime_config_with_csrf
=== RUN   TestGuildRoutesRequireCSRFForOAuthSessionMutations/guild_settings_put
2026/06/07 01:58:24 WARN Global control mutation denied operation=control.route_access.authorize_global guildID="" channelID="" userID=u1 reason="global mutations require bearer authentication" method=POST path=/v1/runtime-config
=== RUN   TestGlobalRoutesDenyOAuthSessionMutations/global_settings_with_csrf
2026/06/07 01:58:24 WARN Global control mutation denied operation=control.route_access.authorize_global guildID="" channelID="" userID=u1 reason="global mutations require bearer authentication" method=PUT path=/v1/settings/global
=== RUN   TestGlobalRoutesDenyOAuthSessionMutations/global_feature_patch_with_csrf
2026/06/07 01:58:24 WARN Global control mutation denied operation=control.route_access.authorize_global guildID="" channelID="" userID=u1 reason="global mutations require bearer authentication" method=PATCH path=/v1/features/services.monitoring
2026/06/07 01:58:24 INFO Guild config index rebuilt reason=update guilds=1
2026/06/07 01:58:24 INFO Successfully saved config to path: memory://bot_config_state
=== RUN   TestGuildRoutesRequireCSRFForOAuthSessionMutations/guild_feature_patch
2026/06/07 01:58:24 INFO Guild config index rebuilt reason=update guilds=1
2026/06/07 01:58:24 INFO Successfully saved config to path: memory://bot_config_state
--- PASS: TestGuildRoutesRequireCSRFForOAuthSessionMutations (0.05s)
    --- PASS: TestGuildRoutesRequireCSRFForOAuthSessionMutations/guild_settings_put (0.00s)
    --- PASS: TestGuildRoutesRequireCSRFForOAuthSessionMutations/guild_feature_patch (0.00s)
=== CONT  TestGuildRegistrationPostCreatesDormantGuildWorkspace
--- PASS: TestGlobalRoutesDenyOAuthSessionMutations (0.05s)
    --- PASS: TestGlobalRoutesDenyOAuthSessionMutations/runtime_config_without_csrf (0.00s)
    --- PASS: TestGlobalRoutesDenyOAuthSessionMutations/runtime_config_with_csrf (0.00s)
    --- PASS: TestGlobalRoutesDenyOAuthSessionMutations/global_settings_with_csrf (0.00s)
    --- PASS: TestGlobalRoutesDenyOAuthSessionMutations/global_feature_patch_with_csrf (0.00s)
2026/06/07 01:58:24 INFO Guild config index rebuilt reason=add guilds=1
=== CONT  TestGuildRegistrationPostCreatesGuildWorkspace
2026/06/07 01:58:24 INFO Guild config index rebuilt reason=add guilds=1
2026/06/07 01:58:24 INFO Registering guild settings operation=control.settings.guild_registry.register guildID=g2
2026/06/07 01:58:24 INFO Registering guild settings operation=control.settings.guild_registry.register guildID=g2
2026/06/07 01:58:24 INFO Guild config index rebuilt reason=update guilds=2
2026/06/07 01:58:24 INFO Guild config index rebuilt reason=update guilds=2
2026/06/07 01:58:24 INFO Successfully saved config to path: memory://bot_config_state
2026/06/07 01:58:24 INFO Successfully saved config to path: memory://bot_config_state
2026/06/07 01:58:24 INFO Guild settings registration completed operation=control.settings.guild_registry.register.success guildID=g2
2026/06/07 01:58:24 INFO Guild settings registration completed operation=control.settings.guild_registry.register.success guildID=g2
--- PASS: TestGuildRegistrationPostCreatesDormantGuildWorkspace (0.00s)
=== CONT  TestGuildWriteAuthorizationUsesAccessibleGuildCache
2026/06/07 01:58:24 INFO Guild config index rebuilt reason=add guilds=1
--- PASS: TestGuildRegistrationPostCreatesGuildWorkspace (0.00s)
=== CONT  TestDiscordOAuthStatusPrefersServerPublicOrigin
2026/06/07 01:58:24 INFO Guild config index rebuilt reason=add guilds=1
--- PASS: TestDiscordOAuthCallbackRedirectsToRootWhenRequested (0.04s)
=== CONT  TestDiscordOAuthLoginRedirectIncludesGuildMembersScope
2026/06/07 01:58:24 INFO Guild config index rebuilt reason=add guilds=1
--- PASS: TestDiscordOAuthStatusPrefersServerPublicOrigin (0.00s)
=== CONT  TestDiscordOAuthLoginRedirect
2026/06/07 01:58:24 INFO Guild config index rebuilt reason=add guilds=1
--- PASS: TestDiscordOAuthLoginRedirectIncludesGuildMembersScope (0.00s)
=== CONT  TestDiscordOAuthStatusReportsConfiguredSessionState
2026/06/07 01:58:24 INFO Guild config index rebuilt reason=add guilds=1
--- PASS: TestDiscordOAuthCallbackCreatesSessionAndHidesTokenPayload (0.05s)
=== CONT  TestGuildAccessRoleUpdatesInvalidateAccessibleGuildCache
2026/06/07 01:58:24 INFO Guild config index rebuilt reason=add guilds=1
--- PASS: TestDiscordOAuthLoginRedirect (0.01s)
=== CONT  TestFeatureAPIContractShapesRemainStable
--- PASS: TestFeatureAPIContractShapesRemainStable (0.00s)
=== CONT  TestCacheHealthRouteRejectsUnauthenticatedRequests
--- PASS: TestCacheHealthRouteRejectsUnauthenticatedRequests (0.00s)
=== CONT  TestCacheHealthRouteSurfacesSnapshot
--- PASS: TestCacheHealthRouteSurfacesSnapshot (0.00s)
=== CONT  TestCacheHealthRouteReturns503WhenResolverYieldsNil
--- PASS: TestCacheHealthRouteReturns503WhenResolverYieldsNil (0.00s)
=== CONT  TestCacheHealthRouteReturns503WhenResolverNotWired
--- PASS: TestCacheHealthRouteReturns503WhenResolverNotWired (0.00s)
=== CONT  TestGuildRoleOptionsRouteAndRoleBackedFeatureReadiness
=== RUN   TestGuildRoleOptionsRouteAndRoleBackedFeatureReadiness/lists_guild_role_options
=== PAUSE TestGuildRoleOptionsRouteAndRoleBackedFeatureReadiness/lists_guild_role_options
=== RUN   TestGuildRoleOptionsRouteAndRoleBackedFeatureReadiness/lists_guild_channel_options
=== PAUSE TestGuildRoleOptionsRouteAndRoleBackedFeatureReadiness/lists_guild_channel_options
=== RUN   TestGuildRoleOptionsRouteAndRoleBackedFeatureReadiness/lists_guild_member_options_with_selected_member_pinned
=== PAUSE TestGuildRoleOptionsRouteAndRoleBackedFeatureReadiness/lists_guild_member_options_with_selected_member_pinned
=== RUN   TestGuildRoleOptionsRouteAndRoleBackedFeatureReadiness/mute_role_blocks_missing_role
=== PAUSE TestGuildRoleOptionsRouteAndRoleBackedFeatureReadiness/mute_role_blocks_missing_role
=== RUN   TestGuildRoleOptionsRouteAndRoleBackedFeatureReadiness/mute_role_blocks_invalid_role
=== PAUSE TestGuildRoleOptionsRouteAndRoleBackedFeatureReadiness/mute_role_blocks_invalid_role
=== RUN   TestGuildRoleOptionsRouteAndRoleBackedFeatureReadiness/mute_role_is_ready_when_role_exists
=== PAUSE TestGuildRoleOptionsRouteAndRoleBackedFeatureReadiness/mute_role_is_ready_when_role_exists
=== RUN   TestGuildRoleOptionsRouteAndRoleBackedFeatureReadiness/stats_channels_expose_configured_channel_inventory
=== PAUSE TestGuildRoleOptionsRouteAndRoleBackedFeatureReadiness/stats_channels_expose_configured_channel_inventory
=== RUN   TestGuildRoleOptionsRouteAndRoleBackedFeatureReadiness/auto_role_assignment_blocks_invalid_target_role
=== PAUSE TestGuildRoleOptionsRouteAndRoleBackedFeatureReadiness/auto_role_assignment_blocks_invalid_target_role
=== RUN   TestGuildRoleOptionsRouteAndRoleBackedFeatureReadiness/permission_mirror_blocks_invalid_actor_role
=== PAUSE TestGuildRoleOptionsRouteAndRoleBackedFeatureReadiness/permission_mirror_blocks_invalid_actor_role
=== CONT  TestModerationCommandFeatureReadinessStates
=== RUN   TestModerationCommandFeatureReadinessStates/blocked_when_commands_service_disabled
=== PAUSE TestModerationCommandFeatureReadinessStates/blocked_when_commands_service_disabled
=== RUN   TestModerationCommandFeatureReadinessStates/ready_when_commands_service_enabled
=== PAUSE TestModerationCommandFeatureReadinessStates/ready_when_commands_service_enabled
=== CONT  TestLoggingFeatureReadinessStates
=== RUN   TestLoggingFeatureReadinessStates/missing_channel
=== PAUSE TestLoggingFeatureReadinessStates/missing_channel
=== RUN   TestLoggingFeatureReadinessStates/runtime_kill_switch
--- PASS: TestDiscordOAuthManageableGuildsRefreshesAccessTokenWithRotation (0.08s)
=== PAUSE TestLoggingFeatureReadinessStates/runtime_kill_switch
=== CONT  TestFeaturePatchRejectsMissingAuthBadPayloadAndUnregisteredGuild
=== RUN   TestLoggingFeatureReadinessStates/missing_intent
=== PAUSE TestLoggingFeatureReadinessStates/missing_intent
2026/06/07 01:58:24 INFO Guild config index rebuilt reason=add guilds=1
=== RUN   TestLoggingFeatureReadinessStates/invalid_moderation_channel
=== PAUSE TestLoggingFeatureReadinessStates/invalid_moderation_channel
=== RUN   TestLoggingFeatureReadinessStates/clean_action_runtime_kill_switch
=== PAUSE TestLoggingFeatureReadinessStates/clean_action_runtime_kill_switch
=== RUN   TestLoggingFeatureReadinessStates/ready
=== PAUSE TestLoggingFeatureReadinessStates/ready
=== CONT  TestGuildFeaturePatchPersistsConfigDetails
2026/06/07 01:58:24 INFO Guild config index rebuilt reason=add guilds=1
=== RUN   TestGuildFeaturePatchPersistsConfigDetails//v1/guilds/g1/features/services.commands
2026/06/07 01:58:24 INFO Guild config index rebuilt reason=update guilds=1
2026/06/07 01:58:24 INFO Successfully saved config to path: memory://bot_config_state
--- PASS: TestFeaturePatchRejectsMissingAuthBadPayloadAndUnregisteredGuild (0.00s)
=== CONT  TestFeaturePatchInheritanceAndClears
=== RUN   TestGuildFeaturePatchPersistsConfigDetails//v1/guilds/g1/features/services.admin_commands
2026/06/07 01:58:24 INFO Guild config index rebuilt reason=add guilds=1
2026/06/07 01:58:24 INFO Guild config index rebuilt reason=update guilds=1
2026/06/07 01:58:24 INFO Successfully saved config to path: memory://bot_config_state
=== RUN   TestGuildFeaturePatchPersistsConfigDetails//v1/guilds/g1/features/moderation.mute_role
2026/06/07 01:58:24 INFO Guild config index rebuilt reason=update guilds=1
2026/06/07 01:58:24 INFO Successfully saved config to path: memory://bot_config_state
=== RUN   TestGuildFeaturePatchPersistsConfigDetails//v1/guilds/g1/features/moderation.ban
2026/06/07 01:58:24 INFO Guild config index rebuilt reason=update guilds=1
2026/06/07 01:58:24 INFO Successfully saved config to path: memory://bot_config_state
2026/06/07 01:58:24 INFO Guild config index rebuilt reason=update guilds=1
2026/06/07 01:58:24 INFO Successfully saved config to path: memory://bot_config_state
=== RUN   TestGuildFeaturePatchPersistsConfigDetails//v1/guilds/g1/features/moderation.massban
2026/06/07 01:58:24 INFO Guild config index rebuilt reason=update guilds=1
2026/06/07 01:58:24 INFO Guild config index rebuilt reason=update guilds=1
2026/06/07 01:58:24 INFO Successfully saved config to path: memory://bot_config_state
2026/06/07 01:58:24 INFO Successfully saved config to path: memory://bot_config_state
=== RUN   TestGuildFeaturePatchPersistsConfigDetails//v1/guilds/g1/features/moderation.kick
2026/06/07 01:58:24 INFO Guild config index rebuilt reason=update guilds=1
2026/06/07 01:58:24 INFO Successfully saved config to path: memory://bot_config_state
=== RUN   TestGuildFeaturePatchPersistsConfigDetails//v1/guilds/g1/features/moderation.timeout
2026/06/07 01:58:24 INFO Guild config index rebuilt reason=update guilds=1
2026/06/07 01:58:24 INFO Successfully saved config to path: memory://bot_config_state
=== RUN   TestGuildFeaturePatchPersistsConfigDetails//v1/guilds/g1/features/moderation.warn
2026/06/07 01:58:24 INFO Guild config index rebuilt reason=update guilds=1
2026/06/07 01:58:24 INFO Successfully saved config to path: memory://bot_config_state
=== RUN   TestGuildFeaturePatchPersistsConfigDetails//v1/guilds/g1/features/moderation.warnings
2026/06/07 01:58:24 INFO Guild config index rebuilt reason=update guilds=1
2026/06/07 01:58:24 INFO Guild config index rebuilt reason=update guilds=1
2026/06/07 01:58:24 INFO Successfully saved config to path: memory://bot_config_state
2026/06/07 01:58:24 INFO Successfully saved config to path: memory://bot_config_state
=== RUN   TestGuildFeaturePatchPersistsConfigDetails//v1/guilds/g1/features/logging.member_join
--- PASS: TestDiscordOAuthGuildAccessFreshQueryRefreshesCachedGuilds (0.05s)
=== CONT  TestFeatureCatalogAndWorkspaceRoutes
2026/06/07 01:58:24 INFO Guild config index rebuilt reason=update guilds=1
2026/06/07 01:58:24 INFO Successfully saved config to path: memory://bot_config_state
2026/06/07 01:58:24 INFO Guild config index rebuilt reason=add guilds=1
=== RUN   TestGuildFeaturePatchPersistsConfigDetails//v1/guilds/g1/features/logging.clean_action
2026/06/07 01:58:24 INFO Guild config index rebuilt reason=update guilds=1
2026/06/07 01:58:24 INFO Successfully saved config to path: memory://bot_config_state
2026/06/07 01:58:24 INFO Guild config index rebuilt reason=update guilds=1
2026/06/07 01:58:24 INFO Successfully saved config to path: memory://bot_config_state
=== RUN   TestGuildFeaturePatchPersistsConfigDetails//v1/guilds/g1/features/presence_watch.user
2026/06/07 01:58:24 INFO Guild config index rebuilt reason=update guilds=1
2026/06/07 01:58:24 INFO Successfully saved config to path: memory://bot_config_state
--- PASS: TestFeaturePatchInheritanceAndClears (0.01s)
=== CONT  TestControlServerCanonicalizesDashboardRequestsToPublicOrigin
2026/06/07 01:58:24 INFO Guild config index rebuilt reason=add guilds=1
=== RUN   TestGuildFeaturePatchPersistsConfigDetails//v1/guilds/g1/features/safety.bot_role_perm_mirror
2026/06/07 01:58:24 INFO Guild config index rebuilt reason=update guilds=1
2026/06/07 01:58:24 INFO Successfully saved config to path: memory://bot_config_state
=== RUN   TestGuildFeaturePatchPersistsConfigDetails//v1/guilds/g1/features/backfill.enabled
2026/06/07 01:58:24 INFO Guild config index rebuilt reason=update guilds=1
2026/06/07 01:58:24 INFO Successfully saved config to path: memory://bot_config_state
--- PASS: TestDiscordOAuthGuildAccessEndpointSkipsErrorResponseOnRequestCancellation (0.04s)
=== RUN   TestGuildFeaturePatchPersistsConfigDetails//v1/guilds/g1/features/stats_channels
=== CONT  TestFeatureRegistryMatchesCatalog
--- PASS: TestFeatureRegistryMatchesCatalog (0.00s)
=== CONT  TestServerDiscordSessionForGuildUsesGuildRegistrationResolver
--- PASS: TestServerDiscordSessionForGuildUsesGuildRegistrationResolver (0.00s)
=== CONT  TestDashboardBrandAssetAccessibleWithoutSession
2026/06/07 01:58:24 INFO Guild config index rebuilt reason=update guilds=1
2026/06/07 01:58:24 INFO Successfully saved config to path: memory://bot_config_state
=== RUN   TestGuildFeaturePatchPersistsConfigDetails//v1/guilds/g1/features/auto_role_assignment
--- PASS: TestDashboardBrandAssetAccessibleWithoutSession (0.00s)
=== CONT  TestDashboardEndpointInteractionWithoutConfiguredAuth
2026/06/07 01:58:24 INFO Guild config index rebuilt reason=update guilds=1
2026/06/07 01:58:24 INFO Successfully saved config to path: memory://bot_config_state
=== RUN   TestGuildFeaturePatchPersistsConfigDetails//v1/guilds/g1/features/user_prune
2026/06/07 01:58:24 INFO Guild config index rebuilt reason=update guilds=1
2026/06/07 01:58:24 INFO Successfully saved config to path: memory://bot_config_state
2026/06/07 01:58:24 INFO Control server listening addr=127.0.0.1:51440 tls=false
2026/06/07 01:58:24 INFO Control dashboard available url=http://127.0.0.1:51440
2026/06/07 01:58:24 INFO Guild config index rebuilt reason=update guilds=1
2026/06/07 01:58:24 INFO Successfully saved config to path: memory://bot_config_state
=== NAME  TestDashboardEndpointInteractionWithoutConfiguredAuth
    dashboard_handler_test.go:318: expected /manage/ over live server to redirect without configured dashboard auth, got 403
--- PASS: TestGuildFeaturePatchPersistsConfigDetails (0.01s)
    --- PASS: TestGuildFeaturePatchPersistsConfigDetails//v1/guilds/g1/features/services.commands (0.00s)
    --- PASS: TestGuildFeaturePatchPersistsConfigDetails//v1/guilds/g1/features/services.admin_commands (0.00s)
    --- PASS: TestGuildFeaturePatchPersistsConfigDetails//v1/guilds/g1/features/moderation.mute_role (0.00s)
    --- PASS: TestGuildFeaturePatchPersistsConfigDetails//v1/guilds/g1/features/moderation.ban (0.00s)
    --- PASS: TestGuildFeaturePatchPersistsConfigDetails//v1/guilds/g1/features/moderation.massban (0.00s)
    --- PASS: TestGuildFeaturePatchPersistsConfigDetails//v1/guilds/g1/features/moderation.kick (0.00s)
    --- PASS: TestGuildFeaturePatchPersistsConfigDetails//v1/guilds/g1/features/moderation.timeout (0.00s)
    --- PASS: TestGuildFeaturePatchPersistsConfigDetails//v1/guilds/g1/features/moderation.warn (0.00s)
    --- PASS: TestGuildFeaturePatchPersistsConfigDetails//v1/guilds/g1/features/moderation.warnings (0.00s)
    --- PASS: TestGuildFeaturePatchPersistsConfigDetails//v1/guilds/g1/features/logging.member_join (0.00s)
    --- PASS: TestGuildFeaturePatchPersistsConfigDetails//v1/guilds/g1/features/logging.clean_action (0.00s)
    --- PASS: TestGuildFeaturePatchPersistsConfigDetails//v1/guilds/g1/features/presence_watch.user (0.00s)
    --- PASS: TestGuildFeaturePatchPersistsConfigDetails//v1/guilds/g1/features/safety.bot_role_perm_mirror (0.00s)
    --- PASS: TestGuildFeaturePatchPersistsConfigDetails//v1/guilds/g1/features/backfill.enabled (0.00s)
    --- PASS: TestGuildFeaturePatchPersistsConfigDetails//v1/guilds/g1/features/stats_channels (0.00s)
    --- PASS: TestGuildFeaturePatchPersistsConfigDetails//v1/guilds/g1/features/auto_role_assignment (0.00s)
    --- PASS: TestGuildFeaturePatchPersistsConfigDetails//v1/guilds/g1/features/user_prune (0.01s)
=== CONT  TestDashboardEndpointInteraction
2026/06/07 01:58:24 INFO Guild config index rebuilt reason=add guilds=1
2026/06/07 01:58:24 INFO Control server stopped addr=127.0.0.1:0
--- FAIL: TestDashboardEndpointInteractionWithoutConfiguredAuth (0.01s)
=== CONT  TestServerDashboardRoutesDoNotInterceptAPIOrAuth
2026/06/07 01:58:24 INFO Guild config index rebuilt reason=add guilds=1
--- PASS: TestFeatureCatalogAndWorkspaceRoutes (0.01s)
=== CONT  TestControlServerCanonicalizesRootRequestsToPublicOrigin
2026/06/07 01:58:24 INFO Guild config index rebuilt reason=add guilds=1
--- PASS: TestControlServerCanonicalizesRootRequestsToPublicOrigin (0.00s)
=== CONT  TestDashboardRoutesRequireAuthenticatedSessionWhenOAuthConfigured
2026/06/07 01:58:24 INFO Guild config index rebuilt reason=add guilds=1
--- PASS: TestControlServerCanonicalizesDashboardRequestsToPublicOrigin (0.01s)
=== CONT  TestDiscordOAuthGuildPermissionsUnmarshalAcceptsStringOrNumber/number
=== NAME  TestServerDashboardRoutesDoNotInterceptAPIOrAuth
    dashboard_handler_test.go:117: expected landing page login button, got "<!doctype html>\n<html lang=\"en\">\n  <head>\n    <meta charset=\"utf-8\" />\n    <meta name=\"viewport\" content=\"width=device-width, initial-scale=1\" />\n    <title>Discordcore Control</title>\n    <style>\n      :root {\n        color-scheme: dark;\n        --bg-canvas: #171318;\n        --bg-canvas-alt: #211c22;\n        --panel-base: rgba(35, 29, 33, 0.88);\n        --border-soft: rgba(244, 231, 220, 0.14);\n        --text-main: #f7efe6;\n        --text-muted: #d8c8bb;\n        --accent-primary: #dbc7b2;\n        --accent-secondary: #e8ac98;\n        --accent-danger: #d98b89;\n        --accent-moss: #9caf8c;\n        --shadow-strong: 0 32px 72px rgba(11, 8, 11, 0.44);\n        --radius-pill: 999px;\n        --font-body:\n          \"Aptos\",\n          \"Segoe UI Variable Text\",\n          \"Segoe UI\",\n          \"Trebuchet MS\",\n          sans-serif;\n      }\n\n      * {\n        box-sizing: border-box;\n      }\n\n      body {\n        margin: 0;\n        min-height: 100vh;\n        color: var(--text-main);\n        font-family: var(--font-body);\n        background:\n          radial-gradient(circle at 14% 20%, rgba(219, 199, 178, 0.14), transparent 28%),\n          radial-gradient(circle at 82% 18%, rgba(232, 172, 152, 0.16), transparent 24%),\n          radial-gradient(circle at 72% 80%, rgba(156, 175, 140, 0.11), transparent 26%),\n          linear-gradient(180deg, #110f13 0%, var(--bg-canvas) 42%, var(--bg-canvas-alt) 100%);\n      }\n\n      body::before {\n        content: \"\";\n        position: fixed;\n        inset: 0;\n        pointer-events: none;\n        background:\n          radial-gradient(circle at 22% 72%, rgba(219, 199, 178, 0.08), transparent 20%),\n          radial-gradient(circle at 78% 62%, rgba(232, 172, 152, 0.08), transparent 18%);\n      }\n\n      .shell {\n        padding: 24px;\n      }\n\n      .topbar {\n        display: flex;\n        align-items: center;\n        justify-content: space-between;\n        gap: 16px;\n        padding: 16px 18px;\n        border-radius: var(--radius-pill);\n        border: 1px solid var(--border-soft);\n        background:\n          linear-gradient(180deg, rgba(255, 255, 255, 0.03), transparent 54%),\n          var(--panel-base);\n        box-shadow: var(--shadow-strong);\n        backdrop-filter: blur(18px);\n      }\n\n      .brand {\n        width: 62px;\n        height: 62px;\n        display: grid;\n        place-items: center;\n        padding: 7px;\n        border-radius: 50%;\n        overflow: hidden;\n        background: rgba(11, 8, 11, 0.92);\n        box-shadow: inset 0 1px 0 rgba(255, 255, 255, 0.06);\n        flex-shrink: 0;\n      }\n\n      .brand img {\n        width: 100%;\n        height: 100%;\n        display: block;\n        border-radius: 50%;\n        object-fit: cover;\n        object-position: center;\n      }\n\n      .actions {\n        display: flex;\n        align-items: center;\n        justify-content: flex-end;\n        gap: 12px;\n        flex-wrap: wrap;\n      }\n\n      .session-panel {\n        display: flex;\n        flex-direction: column;\n        align-items: flex-end;\n        gap: 10px;\n        flex: 1;\n      }\n\n      .button {\n        appearance: none;\n        min-width: 180px;\n        padding: 12px 18px;\n        border-radius: var(--radius-pill);\n        border: 1px solid rgba(216, 200, 187, 0.26);\n        background: rgba(255, 255, 255, 0.04);\n        color: var(--text-main);\n        font: inherit;\n        font-weight: 700;\n        cursor: pointer;\n        transition:\n          border-color 160ms ease,\n          background-color 160ms ease,\n          transform 160ms ease;\n      }\n\n      .button:hover:not(:disabled) {\n        transform: translateY(-1px);\n        border-color: rgba(232, 172, 152, 0.42);\n      }\n\n      .button:disabled {\n        cursor: not-allowed;\n        opacity: 0.62;\n      }\n\n      .button-primary {\n        border-color: rgba(232, 172, 152, 0.34);\n        background: rgba(232, 172, 152, 0.14);\n      }\n\n      .button-secondary {\n        border-color: rgba(156, 175, 140, 0.34);\n        background: rgba(156, 175, 140, 0.12);\n      }\n\n      .button-ghost {\n        border-color: rgba(217, 139, 137, 0.34);\n        background: rgba(217, 139, 137, 0.08);\n        color: #fff0ee;\n      }\n\n      .is-hidden {\n        display: none;\n      }\n\n      @media (max-width: 720px) {\n        .shell {\n          padding: 16px;\n        }\n\n        .topbar {\n          flex-direction: column;\n          align-items: flex-start;\n        }\n\n        .session-panel {\n          width: 100%;\n          align-items: flex-start;\n        }\n\n        .actions {\n          width: 100%;\n          justify-content: flex-start;\n        }\n\n        .button {\n          width: 100%;\n        }\n      }\n    </style>\n  </head>\n  <body>\n    <header class=\"shell\">\n      <div class=\"topbar\">\n        <div class=\"brand\" aria-hidden=\"true\">\n          <img src=\"/manage/brand/discordmain.webp\" alt=\"\" />\n        </div>\n\n        <div class=\"session-panel\">\n          <div class=\"actions\">\n            <button id=\"login-button\" class=\"button button-primary\" type=\"button\" disabled title=\"Backend não configurado com chaves OAuth\">\n              Discord indisponível\n            </button>\n            <button id=\"dashboard-button\" class=\"button button-secondary\" type=\"button\" disabled title=\"Acesso ao Dashboard requer configuração de chaves OAuth do Discord no backend\">\n              Dashboard\n            </button>\n            \n          </div>\n        </div>\n      </div>\n    </header>\n\n    \n  </body>\n</html>\n"
--- FAIL: TestServerDashboardRoutesDoNotInterceptAPIOrAuth (0.00s)
=== CONT  TestControlServerListenAddrAndDashboardURLUsesPublicOrigin
=== CONT  TestControlServerListenAddrAndDashboardURL
--- PASS: TestControlServerListenAddrAndDashboardURLUsesPublicOrigin (0.00s)
=== CONT  TestDashboardHandlerMissingAssetWithExtensionReturnsNotFound
=== RUN   TestControlServerListenAddrAndDashboardURL/ipv4_loopback_http
=== PAUSE TestControlServerListenAddrAndDashboardURL/ipv4_loopback_http
=== RUN   TestControlServerListenAddrAndDashboardURL/ipv4_wildcard_rewrites_to_loopback
=== PAUSE TestControlServerListenAddrAndDashboardURL/ipv4_wildcard_rewrites_to_loopback
=== RUN   TestControlServerListenAddrAndDashboardURL/ipv6_wildcard_rewrites_to_loopback
=== PAUSE TestControlServerListenAddrAndDashboardURL/ipv6_wildcard_rewrites_to_loopback
--- PASS: TestDashboardHandlerMissingAssetWithExtensionReturnsNotFound (0.00s)
=== RUN   TestControlServerListenAddrAndDashboardURL/tls_uses_https
=== PAUSE TestControlServerListenAddrAndDashboardURL/tls_uses_https
--- PASS: TestDiscordOAuthGuildPermissionsUnmarshalAcceptsStringOrNumber (0.00s)
    --- PASS: TestDiscordOAuthGuildPermissionsUnmarshalAcceptsStringOrNumber/string (0.00s)
    --- PASS: TestDiscordOAuthGuildPermissionsUnmarshalAcceptsStringOrNumber/number (0.00s)
=== CONT  TestSetTLSCertificatesValidation
2026/06/07 01:58:24 INFO Guild config index rebuilt reason=add guilds=1
=== CONT  TestResolveAccessibleGuildsRecomputesDiscordRoleAccessOnCacheHit
2026/06/07 01:58:24 INFO Guild config index rebuilt reason=add guilds=1
2026/06/07 01:58:24 INFO Guild config index rebuilt reason=update guilds=1
2026/06/07 01:58:24 INFO Successfully saved config to path: memory://bot_config_state
2026/06/07 01:58:24 INFO Guild config index rebuilt reason=update guilds=1
2026/06/07 01:58:24 INFO Successfully saved config to path: memory://bot_config_state
--- PASS: TestSetTLSCertificatesValidation (0.00s)
=== CONT  TestDiscordOAuthSessionPersistsAcrossServerRestart
--- PASS: TestDiscordOAuthStatusReportsConfiguredSessionState (0.03s)
=== CONT  TestDashboardHandlerFallsBackToIndexForCanonicalAndLegacySPARoutes
--- PASS: TestDiscordOAuthGuildAccessEndpoints (0.06s)
=== CONT  TestCacheHealthRouteRejectsNonGETMethods/POST
=== CONT  TestCacheHealthRouteRejectsNonGETMethods/DELETE
=== CONT  TestCacheHealthRouteRejectsNonGETMethods/PATCH
=== CONT  TestCacheHealthRouteRejectsNonGETMethods/PUT
=== CONT  TestQOTDActionRoutesResolveDiscordSessionForQOTDDomain/publish_now
=== CONT  TestQOTDActionRoutesResolveDiscordSessionForQOTDDomain/reconcile
=== CONT  TestQOTDHealthRouteRejectsNonGETMethods/POST
--- PASS: TestGuildWriteAuthorizationUsesAccessibleGuildCache (0.03s)
=== CONT  TestQOTDHealthRouteRejectsNonGETMethods/PATCH
2026/06/07 01:58:24 INFO Guild config index rebuilt reason=add guilds=1
--- PASS: TestDashboardHandlerFallsBackToIndexForCanonicalAndLegacySPARoutes (0.00s)
=== CONT  TestQOTDHealthRouteRejectsNonGETMethods/DELETE
--- PASS: TestCacheHealthRouteRejectsNonGETMethods (0.00s)
    --- PASS: TestCacheHealthRouteRejectsNonGETMethods/POST (0.00s)
    --- PASS: TestCacheHealthRouteRejectsNonGETMethods/DELETE (0.00s)
    --- PASS: TestCacheHealthRouteRejectsNonGETMethods/PATCH (0.00s)
    --- PASS: TestCacheHealthRouteRejectsNonGETMethods/PUT (0.00s)
=== CONT  TestQOTDHealthRouteRejectsNonGETMethods/PUT
2026/06/07 01:58:24 INFO Guild config index rebuilt reason=add guilds=1
--- PASS: TestQOTDHealthRouteRejectsNonGETMethods (0.00s)
    --- PASS: TestQOTDHealthRouteRejectsNonGETMethods/POST (0.00s)
    --- PASS: TestQOTDHealthRouteRejectsNonGETMethods/PATCH (0.00s)
    --- PASS: TestQOTDHealthRouteRejectsNonGETMethods/DELETE (0.00s)
    --- PASS: TestQOTDHealthRouteRejectsNonGETMethods/PUT (0.00s)
=== CONT  TestMonitoringHealthRouteRejectsNonGETMethods/POST
=== CONT  TestMonitoringHealthRouteRejectsNonGETMethods/DELETE
=== CONT  TestMonitoringHealthRouteRejectsNonGETMethods/PATCH
=== CONT  TestMonitoringHealthRouteRejectsNonGETMethods/PUT
--- PASS: TestMonitoringHealthRouteRejectsNonGETMethods (0.00s)
    --- PASS: TestMonitoringHealthRouteRejectsNonGETMethods/POST (0.00s)
    --- PASS: TestMonitoringHealthRouteRejectsNonGETMethods/DELETE (0.00s)
    --- PASS: TestMonitoringHealthRouteRejectsNonGETMethods/PATCH (0.00s)
    --- PASS: TestMonitoringHealthRouteRejectsNonGETMethods/PUT (0.00s)
=== CONT  TestModerationHealthRouteRejectsNonGETMethods/POST
=== CONT  TestModerationHealthRouteRejectsNonGETMethods/PATCH
=== CONT  TestModerationHealthRouteRejectsNonGETMethods/DELETE
=== CONT  TestModerationHealthRouteRejectsNonGETMethods/PUT
=== CONT  TestLiveHealthRouteRejectsNonGETMethods/POST
=== CONT  TestLiveHealthRouteRejectsNonGETMethods/PATCH
=== CONT  TestLiveHealthRouteRejectsNonGETMethods/DELETE
=== CONT  TestLiveHealthRouteRejectsNonGETMethods/PUT
=== CONT  TestGuildRoleOptionsRouteAndRoleBackedFeatureReadiness/lists_guild_role_options
=== CONT  TestGuildRoleOptionsRouteAndRoleBackedFeatureReadiness/mute_role_is_ready_when_role_exists
2026/06/07 01:58:24 INFO Guild config index rebuilt reason=add guilds=1
2026/06/07 01:58:24 INFO Guild config index rebuilt reason=add guilds=1
2026/06/07 01:58:24 INFO Guild config index rebuilt reason=update guilds=1
2026/06/07 01:58:24 INFO Successfully saved config to path: memory://bot_config_state
--- PASS: TestModerationHealthRouteRejectsNonGETMethods (0.00s)
    --- PASS: TestModerationHealthRouteRejectsNonGETMethods/POST (0.00s)
    --- PASS: TestModerationHealthRouteRejectsNonGETMethods/PATCH (0.00s)
    --- PASS: TestModerationHealthRouteRejectsNonGETMethods/DELETE (0.00s)
    --- PASS: TestModerationHealthRouteRejectsNonGETMethods/PUT (0.00s)
=== CONT  TestGuildRoleOptionsRouteAndRoleBackedFeatureReadiness/permission_mirror_blocks_invalid_actor_role
2026/06/07 01:58:24 INFO Guild config index rebuilt reason=add guilds=1
--- PASS: TestDashboardRoutesRequireAuthenticatedSessionWhenOAuthConfigured (0.00s)
=== CONT  TestGuildRoleOptionsRouteAndRoleBackedFeatureReadiness/auto_role_assignment_blocks_invalid_target_role
2026/06/07 01:58:24 INFO Guild config index rebuilt reason=add guilds=1
=== CONT  TestGuildRoleOptionsRouteAndRoleBackedFeatureReadiness/stats_channels_expose_configured_channel_inventory
2026/06/07 01:58:24 INFO Guild config index rebuilt reason=add guilds=1
2026/06/07 01:58:24 INFO Guild config index rebuilt reason=update guilds=1
2026/06/07 01:58:24 INFO Successfully saved config to path: memory://bot_config_state
--- PASS: TestGuildAccessRoleUpdatesInvalidateAccessibleGuildCache (0.03s)
=== CONT  TestGuildRoleOptionsRouteAndRoleBackedFeatureReadiness/mute_role_blocks_missing_role
2026/06/07 01:58:24 INFO Guild config index rebuilt reason=add guilds=1
2026/06/07 01:58:24 INFO Guild config index rebuilt reason=update guilds=1
2026/06/07 01:58:24 INFO Guild config index rebuilt reason=update guilds=1
2026/06/07 01:58:24 INFO Successfully saved config to path: memory://bot_config_state
--- PASS: TestLiveHealthRouteRejectsNonGETMethods (0.00s)
    --- PASS: TestLiveHealthRouteRejectsNonGETMethods/PATCH (0.00s)
    --- PASS: TestLiveHealthRouteRejectsNonGETMethods/POST (0.00s)
    --- PASS: TestLiveHealthRouteRejectsNonGETMethods/DELETE (0.00s)
    --- PASS: TestLiveHealthRouteRejectsNonGETMethods/PUT (0.00s)
2026/06/07 01:58:24 INFO Successfully saved config to path: memory://bot_config_state
=== CONT  TestGuildRoleOptionsRouteAndRoleBackedFeatureReadiness/mute_role_blocks_invalid_role
2026/06/07 01:58:24 INFO Guild config index rebuilt reason=add guilds=1
=== CONT  TestGuildRoleOptionsRouteAndRoleBackedFeatureReadiness/lists_guild_channel_options
=== CONT  TestGuildRoleOptionsRouteAndRoleBackedFeatureReadiness/lists_guild_member_options_with_selected_member_pinned
2026/06/07 01:58:24 INFO Guild config index rebuilt reason=add guilds=1
2026/06/07 01:58:24 INFO Guild config index rebuilt reason=add guilds=1
2026/06/07 01:58:24 INFO Guild config index rebuilt reason=update guilds=1
--- PASS: TestQOTDActionRoutesResolveDiscordSessionForQOTDDomain (0.00s)
    --- PASS: TestQOTDActionRoutesResolveDiscordSessionForQOTDDomain/publish_now (0.00s)
    --- PASS: TestQOTDActionRoutesResolveDiscordSessionForQOTDDomain/reconcile (0.00s)
2026/06/07 01:58:24 INFO Guild config index rebuilt reason=add guilds=1
2026/06/07 01:58:24 INFO Guild config index rebuilt reason=update guilds=1
2026/06/07 01:58:24 INFO Successfully saved config to path: memory://bot_config_state
2026/06/07 01:58:24 INFO Successfully saved config to path: memory://bot_config_state
=== CONT  TestModerationCommandFeatureReadinessStates/blocked_when_commands_service_disabled
2026/06/07 01:58:24 INFO Guild config index rebuilt reason=add guilds=1
=== CONT  TestModerationCommandFeatureReadinessStates/ready_when_commands_service_enabled
2026/06/07 01:58:24 INFO Guild config index rebuilt reason=add guilds=1
=== CONT  TestLoggingFeatureReadinessStates/missing_channel
=== CONT  TestLoggingFeatureReadinessStates/invalid_moderation_channel
2026/06/07 01:58:24 INFO Guild config index rebuilt reason=add guilds=1
--- PASS: TestGuildRoleOptionsRouteAndRoleBackedFeatureReadiness (0.00s)
    --- PASS: TestGuildRoleOptionsRouteAndRoleBackedFeatureReadiness/lists_guild_role_options (0.00s)
    --- PASS: TestGuildRoleOptionsRouteAndRoleBackedFeatureReadiness/mute_role_is_ready_when_role_exists (0.00s)
    --- PASS: TestGuildRoleOptionsRouteAndRoleBackedFeatureReadiness/permission_mirror_blocks_invalid_actor_role (0.00s)
    --- PASS: TestGuildRoleOptionsRouteAndRoleBackedFeatureReadiness/auto_role_assignment_blocks_invalid_target_role (0.00s)
    --- PASS: TestGuildRoleOptionsRouteAndRoleBackedFeatureReadiness/lists_guild_channel_options (0.00s)
    --- PASS: TestGuildRoleOptionsRouteAndRoleBackedFeatureReadiness/mute_role_blocks_missing_role (0.00s)
    --- PASS: TestGuildRoleOptionsRouteAndRoleBackedFeatureReadiness/mute_role_blocks_invalid_role (0.00s)
    --- PASS: TestGuildRoleOptionsRouteAndRoleBackedFeatureReadiness/lists_guild_member_options_with_selected_member_pinned (0.00s)
    --- PASS: TestGuildRoleOptionsRouteAndRoleBackedFeatureReadiness/stats_channels_expose_configured_channel_inventory (0.00s)
=== CONT  TestLoggingFeatureReadinessStates/ready
2026/06/07 01:58:24 INFO Guild config index rebuilt reason=add guilds=1
2026/06/07 01:58:24 INFO Guild config index rebuilt reason=add guilds=1
2026/06/07 01:58:24 INFO Guild config index rebuilt reason=update guilds=1
2026/06/07 01:58:24 INFO Successfully saved config to path: memory://bot_config_state
2026/06/07 01:58:24 INFO Guild config index rebuilt reason=update guilds=1
2026/06/07 01:58:24 INFO Successfully saved config to path: memory://bot_config_state
=== CONT  TestLoggingFeatureReadinessStates/clean_action_runtime_kill_switch
2026/06/07 01:58:24 INFO Guild config index rebuilt reason=add guilds=1
=== CONT  TestLoggingFeatureReadinessStates/missing_intent
--- PASS: TestModerationCommandFeatureReadinessStates (0.00s)
    --- PASS: TestModerationCommandFeatureReadinessStates/blocked_when_commands_service_disabled (0.00s)
    --- PASS: TestModerationCommandFeatureReadinessStates/ready_when_commands_service_enabled (0.00s)
=== CONT  TestControlServerListenAddrAndDashboardURL/ipv4_loopback_http
2026/06/07 01:58:24 INFO Guild config index rebuilt reason=add guilds=1
=== CONT  TestControlServerListenAddrAndDashboardURL/tls_uses_https
=== CONT  TestControlServerListenAddrAndDashboardURL/ipv6_wildcard_rewrites_to_loopback
=== CONT  TestControlServerListenAddrAndDashboardURL/ipv4_wildcard_rewrites_to_loopback
--- PASS: TestControlServerListenAddrAndDashboardURL (0.00s)
    --- PASS: TestControlServerListenAddrAndDashboardURL/ipv4_loopback_http (0.00s)
    --- PASS: TestControlServerListenAddrAndDashboardURL/tls_uses_https (0.00s)
    --- PASS: TestControlServerListenAddrAndDashboardURL/ipv6_wildcard_rewrites_to_loopback (0.00s)
    --- PASS: TestControlServerListenAddrAndDashboardURL/ipv4_wildcard_rewrites_to_loopback (0.00s)
=== CONT  TestLoggingFeatureReadinessStates/runtime_kill_switch
2026/06/07 01:58:24 INFO Guild config index rebuilt reason=update guilds=1
2026/06/07 01:58:24 INFO Guild config index rebuilt reason=add guilds=1
2026/06/07 01:58:24 INFO Guild config index rebuilt reason=update guilds=1
2026/06/07 01:58:24 INFO Successfully saved config to path: memory://bot_config_state
2026/06/07 01:58:24 INFO Successfully saved config to path: memory://bot_config_state
2026/06/07 01:58:24 INFO Guild config index rebuilt reason=update guilds=1
2026/06/07 01:58:24 INFO Guild config index rebuilt reason=update guilds=1
2026/06/07 01:58:24 INFO Successfully saved config to path: memory://bot_config_state
2026/06/07 01:58:24 INFO Successfully saved config to path: memory://bot_config_state
--- PASS: TestLoggingFeatureReadinessStates (0.00s)
    --- PASS: TestLoggingFeatureReadinessStates/ready (0.00s)
    --- PASS: TestLoggingFeatureReadinessStates/missing_channel (0.00s)
    --- PASS: TestLoggingFeatureReadinessStates/clean_action_runtime_kill_switch (0.00s)
    --- PASS: TestLoggingFeatureReadinessStates/runtime_kill_switch (0.00s)
    --- PASS: TestLoggingFeatureReadinessStates/missing_intent (0.00s)
    --- PASS: TestLoggingFeatureReadinessStates/invalid_moderation_channel (0.00s)
2026/06/07 01:58:24 INFO Control server listening addr=127.0.0.1:51446 tls=false
2026/06/07 01:58:24 INFO Control dashboard available url=http://127.0.0.1:8080/
2026/06/07 01:58:24 INFO Control server stopped addr=127.0.0.1:0
--- PASS: TestDashboardEndpointInteraction (0.02s)
--- PASS: TestResolveAccessibleGuildsRecomputesDiscordRoleAccessOnCacheHit (0.02s)
2026/06/07 01:58:24 INFO Guild config index rebuilt reason=add guilds=1
--- PASS: TestDiscordOAuthSessionPersistsAcrossServerRestart (0.03s)
FAIL
FAIL	github.com/small-frappuccino/discordcore/pkg/control	0.285s
=== RUN   TestEnsureReadyCreatesMaterialsAndTrusts
--- PASS: TestEnsureReadyCreatesMaterialsAndTrusts (0.29s)
=== RUN   TestEnsureReadyReusesExistingMaterials
--- PASS: TestEnsureReadyReusesExistingMaterials (0.11s)
=== RUN   TestEnsureReadyRotatesServerCertificateWhenSANSChange
--- PASS: TestEnsureReadyRotatesServerCertificateWhenSANSChange (0.33s)
=== RUN   TestEnsureReadyErrorsOnCorruptKey
--- PASS: TestEnsureReadyErrorsOnCorruptKey (0.29s)
PASS
ok  	github.com/small-frappuccino/discordcore/pkg/control/localtls	(cached)
FAIL
