{
  "title": "Moderation Action",
  "description": "Moderation action executed by \u003c@111222333444555\u003e.",
  "timestamp": "2026-06-20T12:00:00Z",
  "color": 16711680,
  "fields": [
    {
      "name": "Action",
      "value": "Ban",
      "inline": true
    },
    {
      "name": "Case ID",
      "value": "`req_xyz789`",
      "inline": true
    },
    {
      "name": "Target",
      "value": "**BadUser** (\u003c@123456789012345\u003e, `123456789012345`)",
      "inline": true
    },
    {
      "name": "Actor",
      "value": "\u003c@111222333444555\u003e (`111222333444555`)",
      "inline": true
    },
    {
      "name": "Requested By",
      "value": "\u003c@987654321098765\u003e (`987654321098765`)",
      "inline": true
    },
    {
      "name": "Reason",
      "value": "Spamming channels with unicode characters."
    },
    {
      "name": "Details",
      "value": "Removed 7 days of messages."
    }
  ]
}